[backblue.gif]
[fade.gif]
[index.html]
[use.typekit.net/pna8orj.js]
[ajax.googleapis.com/ajax/libs/jquery/1.4.3/jquery.min.js]
[www.googleadservices.com/pagead/f.txt]
[www.evoolution.ca/CatalystScripts/Java_Box5d7c.js]
[w.sharethis.com/button/buttons.js]
[www.evoolution.ca/oils.html]
[www.evoolution.ca/vinegars.html]
[www.evoolution.ca/salts.html]
[www.evoolution.ca/gift_sets.html]
[www.evoolution.ca/_tastings.html]
[www.evoolution.ca/recipes_.html]
[www.evoolution.ca/_blog/evoolution.html]
[www.evoolution.ca/contact.html]
[www.evoolution.ca/OrderRetrievev2.html]
[www.evoolution.ca/oils_/basil-olive-oil.html]
[www.evoolution.ca/privacy.html]
[www.evoolution.ca/shipping.html]
[www.google-analytics.com/analytics.js]
[www.evoolution.ca/index.html]
[www.evoolution.ca/StyleSheets/ModuleStyleSheets.css]
[www.evoolution.ca/stylesheets/blueprint/screen.css]
[www.evoolution.ca/stylesheets/blueprint/print.css]
[www.evoolution.ca/stylesheets/evoolution.css]
[use.typekit.com/pna8orj.js]
[www.evoolution.ca/CatalystStyles/Box5d7c.css]
[www.evoolution.ca/images/headers/evoolution_logo.jpg]
[www.evoolution.ca/CatalystScripts/Java_Cookies5d7c.js]
[www.evoolution.ca/ajaxpro/prototype-core.js]
[www.evoolution.ca/ajaxpro/CMS.CatalogueRetrieve,Catalyst.Web.CMS.js]
[www.evoolution.ca/CatalystScripts/Java_OnlineShopping5d7c.js]
[www.evoolution.ca/oils_/eureka-lemon-olive-oil.html]
[www.evoolution.ca/oils_/persian-lime-olive-oil.html]
[www.evoolution.ca/oils_/blood-orange-olive-oil.html]
[www.evoolution.ca/oils_/garlic-olive-oil.html]
[www.evoolution.ca/oils_/herbs-de-provence-olive-oil.html]
[www.evoolution.ca/oils_/tuscan-herb-olive-oil.html]
[www.evoolution.ca/images/headers/new/tastings_header_new.jpg]
[www.evoolution.ca/oils_/wild-rosemary.html]
[www.evoolution.ca/images/oils/wild_rosemary_olive_oil.png]
[www.evoolution.ca/oils_/wild-dill.html]
[www.evoolution.ca/oils_/butter-olive-oil.html]
[www.evoolution.ca/oils_/wild-mushroom-sage-olive-oil.html]
[www.evoolution.ca/oils_/chipotle-olive-oil.html]
[www.evoolution.ca/oils_/baklouti-green-chili-oil.html]
[www.evoolution.ca/oils_/red-cayenne-chili.html]
[www.evoolution.ca/oils_/harrisa-olive-oil.html]
[www.evoolution.ca/oils_/cilantro-roasted-red-onion-olive-oil.html]
[www.evoolution.ca/oils_/boort-estate-picual-olive-oil.html]
[www.evoolution.ca/Images/oils/boort_estate_picual_olive_oil_sm.png]
[www.evoolution.ca/oils_/coratina-olive-oil.html]
[www.evoolution.ca/oils_/hojiblanca1.html]
[www.evoolution.ca/oils_/picual-4.html]
[www.evoolution.ca/oils_/organic-arbosana-3.html]
[www.evoolution.ca/images/oils/hojiblanca_olive_oil_sm.png]
[www.evoolution.ca/oils_/frantoio-leccino.html]
[www.evoolution.ca/oils_/white-truffle-oil-60.html]
[www.evoolution.ca/oils_/black-truffle-oil-60.html]
[www.evoolution.ca/oils_/toasted-japanese-sesame-oil.html]
[www.evoolution.ca/Images/oils/frantoio_olive_oil_sm.png]
[www.evoolution.ca/oils_/roasted-french-walnut-oil.html]
[www.evoolution.ca/oils.html]
[www.evoolution.ca/vinegars_/18-year-traditional-balsamic-vinegar.html]
[www.evoolution.ca/vinegars_/red-apple-balsamic-vinegar.html]
[www.evoolution.ca/vinegars_/cinnamon-pear-balsamic-vinegar.html]
[www.evoolution.ca/vinegars_/dark-chocolate-balsamic-vinegar.html]
[www.evoolution.ca/vinegars_/espresso-balsamic-vinegar.html]
[www.evoolution.ca/vinegars_/fig-balsamic-vinegar.html]
[www.evoolution.ca/vinegars_/blackberry-ginger-balsamic-vinegar.html]
[www.evoolution.ca/vinegars_/12-year--orgainc-balsamic-vinegar.html]
[www.evoolution.ca/vinegars_/pomegranate-balsamic-vinegar.html]
[www.evoolution.ca/vinegars_/raspberry-balsamic-vinegar.html]
[www.evoolution.ca/vinegars_/strawberry-balsamic-vinegar.html]
[www.evoolution.ca/vinegars_/tangerine-balsamic-vinegar.html]
[www.evoolution.ca/vinegars_/wild-blueberry-balsamic-vinegar.html]
[www.evoolution.ca/vinegars_/vermont-maple-balsamic-vinegar.html]
[www.evoolution.ca/vinegars_/lavender-balsamic-vinegar.html]
[www.evoolution.ca/vinegars_/black-cherry.html]
[www.evoolution.ca/images/vinegars/black-cherry-balsamic_vinegar.png]
[www.evoolution.ca/vinegars_/neapolitan-herb.html]
[www.evoolution.ca/vinegars_/cara-cara-orange-vanilla.html]
[www.evoolution.ca/vinegars_/pomegranate-quince.html]
[www.evoolution.ca/vinegars_/coconut-balsamic-vinegar.html]
[www.evoolution.ca/vinegars_/grapefruit.html]
[www.evoolution.ca/vinegars_/alfoos-mango-white-balsamic-vinegar.html]
[www.evoolution.ca/vinegars_/blenheim-apricot-white-balsamic-vinegar.html]
[www.evoolution.ca/vinegars_/cranberry-pear-white-balsamic-vinegar.html]
[www.evoolution.ca/vinegars_/golden-pineapple-white-balsamic-vinegar.html]
[www.evoolution.ca/vinegars_/honey-ginger-white-balsamic-vinegar.html]
[www.evoolution.ca/vinegars_/jalapeno-white-balsamic-vinegar-375.html]
[www.evoolution.ca/vinegars_/ripe-peach-white-balsamic-vinegar.html]
[www.evoolution.ca/vinegars_/sicilian-lemon-white-balsamic-vinegar.html]
[www.evoolution.ca/vinegars_/thai-lemongrass-mint-white-balsamic-vinegar.html]
[www.evoolution.ca/vinegars_/oregano-white-balsamic-vinegar.html]
[www.evoolution.ca/vinegars_/25-year-sherry-reserva-vinegar.html]
[www.evoolution.ca/vinegars_/champagne-vinegar.html]
[www.evoolution.ca/vinegars_/serrano-honey-vinegar.html]
[www.evoolution.ca/vinegars.html]
[www.evoolution.ca/salts_/applewood-smoked-sea-salt.html]
[www.evoolution.ca/salts_/bacon-sea-salt.html]
[www.evoolution.ca/salts_/black-truffle-sea-salt.html]
[www.evoolution.ca/salts_/italian-aromatic-sea-salt.html]
[www.evoolution.ca/salts_/lemon-twist-sea-salt.html]
[www.evoolution.ca/salts_/lime-fresco-sea-salt.html]
[www.evoolution.ca/salts_/spanish-rosemary-sea-salt.html]
[www.evoolution.ca/salts_/vintage-merlot-sea-salt.html]
[www.evoolution.ca/salts_/himalayan-pink-salt.html]
[www.evoolution.ca/salts_/fleur-de-sel.html]
[www.evoolution.ca/salts_/alaea-hawaiian-sea-salt.html]
[www.evoolution.ca/salts_/hiwa-kai-black-hawaiian-sea-salt.html]
[www.evoolution.ca/Images/salts/alaea_hawaiian_sea_salt_sm.png]
[www.evoolution.ca/salts_/velvet-de-guerande-salt.html]
[www.evoolution.ca/salts.html]
[www.evoolution.ca/gift_sets_/two-bottle-customer-cedar-gift-box.html]
[www.evoolution.ca/gift_sets_/three-bottle-custom-cedar-gift-box.html]
[www.evoolution.ca/gift_sets_/four-bottle-custom-cedar-gift-box.html]
[www.evoolution.ca/gift_sets_/pasta-lovers-six-pack-sampler-set.html]
[www.evoolution.ca/gift_sets_/marvelous-marinades-six-pack-sampler-set.html]
[www.evoolution.ca/gift_sets_/bread-dipper-six-pack-sampler-set.html]
[www.evoolution.ca/gift_sets_/salad-lovers-six-pack-sampler-set.html]
[www.evoolution.ca/gift_sets_/sweet-n-spicy-six-pack-sampler-set.html]
[www.evoolution.ca/gift_sets_/popcorn-lovers-six-pack-sampler-set.html]
[www.evoolution.ca/gift_sets_/favourite-pairings-1-six-pack-sampler-set.html]
[www.evoolution.ca/gift_sets_/favourite-pairings-2-six-pack-sampler-set.html]
[www.evoolution.ca/gift_sets_/fused-sea-salts-seven-pack-sampler-set.html]
[www.evoolution.ca/gift_sets_/gourmet-salts-seven-pack-sampler-set.html]
[www.evoolution.ca/gift_sets_/fused-sea-salts-three-pack-sampler-set.html]
[www.evoolution.ca/gift_sets_/gourmet-salts-three-pack-sampler-set.html]
[www.evoolution.ca/gift_sets.html]
[www.evoolution.ca/_tastings.html]
[njcdn.worldsecuresystems.com/CatalystStyles/Boxb0cc.css]
[njcdn.worldsecuresystems.com/CatalystScripts/Java_Boxb0cc.js]
[www.evoolution.ca/pantry.html]
[www.evoolution.ca/recipes/garlic-cheese-dip.html]
[www.evoolution.ca/recipes/chipotle-hummus.html]
[www.evoolution.ca/recipes/applewood-smoked-rub.html]
[www.evoolution.ca/recipes/chipotle-sour-cream.html]
[www.evoolution.ca/recipes/orange-vinaigrette.html]
[www.evoolution.ca/recipes/raw-peach-and-tomato-salsa.html]
[www.evoolution.ca/recipes/truffled-cream-cheese-dip.html]
[www.evoolution.ca/recipes/caprese-bruschetta.html]
[www.evoolution.ca/recipes/balsamic-caramelized-onion-tart.html]
[www.evoolution.ca/recipes/pan-seared-scallops-with-warm-tomato-salsa.html]
[www.evoolution.ca/recipes/seared-tuna-with-pomegranate-soy-reduction.html]
[www.evoolution.ca/recipes/truffle-popcorn.html]
[www.evoolution.ca/recipes/fennel-endive-and-radicchio-salad.html]
[www.evoolution.ca/recipes/grainy-picnic-salad.html]
[www.evoolution.ca/recipes/roasted-red-pepper-salad.html]
[www.evoolution.ca/images/Recipes/roasted_red_pepper_salad_sm.png]
[www.evoolution.ca/recipes/sweet-and-spicy-coleslaw.html]
[www.evoolution.ca/recipes/watermelon-and-mozzarella-salad.html]
[www.evoolution.ca/recipes/butternut-squash-with-serrano-honey-glaze.html]
[www.evoolution.ca/recipes/roasted-asparagus-with-almond-honey-ginger-vinaigrette.html]
[www.evoolution.ca/recipes/baked-eggs-with-balsamic-braised-leeks.html]
[www.evoolution.ca/recipes/chipotle-lime-shrimp-fajitas.html]
[www.evoolution.ca/recipes/juniper-berry-rack-of-lamb.html]
[www.evoolution.ca/recipes/mediterranean-capellini.html]
[www.evoolution.ca/recipes/pulled-pork-chili.html]
[www.evoolution.ca/recipes/tangerine-balsamic-chicken.html]
[www.evoolution.ca/recipes/vietnamese-pork-meatball-sandwiches.html]
[www.evoolution.ca/recipes/blood-orange-chocolate-mousse.html]
[www.evoolution.ca/images/Recipes/blood-orange-chocolate-mousse-sm1.png]
[www.evoolution.ca/recipes/chipotle-brownies-with-dark-chocolate-caramel-sauce.html]
[www.evoolution.ca/recipes/milk-chocolate-cinnamon-pear-truffles.html]
[www.evoolution.ca/recipes/double-chocolate-olive-oil-cookies.html]
[www.evoolution.ca/recipes/sticky-date-pudding-with-balsamic-toffee-sauce.html]
[www.evoolution.ca/recipes/walnut-cinnamon-buns-with-lavender-frosting.html]
[www.evoolution.ca/recipes/white-balsamic-italian-soda.html]
[www.evoolution.ca/recipes/balsamic-candied-nuts.html]
[www.evoolution.ca/recipes/balsamic-roasted-rhubarb.html]
[www.evoolution.ca/recipes/blueberry-balsamic-jam-with-rosemary.html]
[www.evoolution.ca/recipes/caramelized-pear-sauce.html]
[www.evoolution.ca/recipes/cranberry-coconut-granola.html]
[www.evoolution.ca/recipes/savoury-olive-oil-tart-crust.html]
[www.evoolution.ca/recipes/sweet-olive-oil-tart-crust-1.html]
[www.evoolution.ca/CatalystScripts/ValidationFunctions5d7c.js]
[www.evoolution.ca/recipes_.html]
[www.evoolution.ca/RSSRetrieve5b42.aspx]
[www.evoolution.ca/_blog/Evoolution/post/getting-our-fill/index.html]
[www.evoolution.ca/_blog/Evoolution/post/tomatoes/index.html]
[www.evoolution.ca/_blog/Evoolution/post/iron-chef-evoolution-edition-round-six/index.html]
[www.evoolution.ca/oils_/ruby-red-grapefruit.html]
[www.evoolution.ca/_blog/Evoolution/post/Iron_Chef/index.html]
[www.evoolution.ca/_blog/Evoolution/post/iron-chef-evoolution-edition---round-two/index.html]
[www.evoolution.ca/_blog/Evoolution/post/iron-chef-evoolution-edition---round-three/index.html]
[www.evoolution.ca/_blog/Evoolution/post/iron-chef-evoolution-edition---round-four/index.html]
[www.evoolution.ca/_blog/Evoolution/post/iron-chef-evoolution-edition---round-five/index.html]
[www.evoolution.ca/images/Recipes/pan-seared-scallops-tomato-salsa-lg1.png]
[www.evoolution.ca/images/Recipes/blood-orange-chocolate-mousse-lg1.png]
[www.evoolution.ca/_blog/Evoolution/post/for-your-valentine/index.html]
[www.evoolution.ca/_blog/Evoolution/post/oil-in-the-ancient-world-ancient-egypt/index.html]
[www.bestourism.com/img/items/big/100/Egypt-_Egypt-landscape_6722.jpg]
[www.evoolution.ca/_blog/Evoolution/post/oil-in-the-ancient-world-ancient-rome/index.html]
[www.evoolution.ca/_blog/Evoolution/post/oil-in-the-ancient-world-greece/index.html]
[www.evoolution.ca/_blog/Evoolution/post/handled-with-care/index.html]
[www.evoolution.ca/_blog/Evoolution/post/oil-and-vinegar---emulsified/index.html]
[en.wikipedia.org/wiki/File_Olive_trees_on_Thassos.html]
[www.evoolution.ca/_blog/Evoolution/post/a-good-party/index.html]
[www.evoolution.ca/_blog/Evoolution/post/clear-your-plans/index.html]
[www.evoolution.ca/images/Recipes/chipotle-hummus-lg.png]
[www.evoolution.ca/_blog/evoolution.html]
[www.evoolution.ca/contact.html]
[www.evoolution.ca/_blog/Evoolution/page/2/index.html]
[www.evoolution.ca/_blog/Evoolution/page/3/index.html]
[www.evoolution.ca/_blog/Evoolution/page/4/index.html]
[www.evoolution.ca/_blog/Evoolution/tag/oils-fused-infused-olive-oil/index.html]
[www.evoolution.ca/_blog/Evoolution/tag/salts-gourmet-salt/index.html]
[www.evoolution.ca/ajaxpro/CMS.OrderRetrievev2,Catalyst.Web.CMS.js]
[www.evoolution.ca/_blog/Evoolution/tag/berard_olive_wood/index.html]
[www.evoolution.ca/_blog/Evoolution/tag/darkbalsamic/index.html]
[www.evoolution.ca/OrderRetrievev2.html]
[www.evoolution.ca/_blog/Evoolution/tag/vinegars-dark-balsamic-vinegar/index.html]
[www.evoolution.ca/_blog/Evoolution/tag/asparagus/index.html]
[www.evoolution.ca/_blog/Evoolution/tag/lightbalsamic/index.html]
[www.evoolution.ca/_blog/Evoolution/tag/recipes/index.html]
[www.evoolution.ca/_blog/Evoolution/tag/lavender/index.html]
[www.evoolution.ca/_blog/Evoolution/tag/cheese/index.html]
[www.evoolution.ca/_blog/Evoolution/tag/vinegars-white-balsamic-vinegar/index.html]
[www.evoolution.ca/_blog/Evoolution/tag/gifts/index.html]
[www.evoolution.ca/_blog/Evoolution/tag/iron_chef/index.html]
[www.evoolution.ca/CatalystStyles/lightbox5d7c.css]
[www.evoolution.ca/_blog/Evoolution/tag/tomatoes/index.html]
[www.evoolution.ca/_blog/Evoolution/tag/coconut/index.html]
[www.evoolution.ca/_blog/Evoolution/tag/oils-pure-extra-virgin-olive-oil/index.html]
[www.evoolution.ca/_blog/Evoolution/tag/oils-gourmet-specialty-oil/index.html]
[www.evoolution.ca/images/site/cart_5.png]
[www.evoolution.ca/Images/oils/basil_olive_oil_pu3684.png]
[www.evoolution.ca/oils_/basil-olive-oil.html]
[www.evoolution.ca/images/site/featured_item_header.jpg]
[www.evoolution.ca/privacy.html]
[www.evoolution.ca/shipping.html]
[www.evoolution.ca/CatalystScripts/ValidationFunctions.js]
[www.evoolution.ca/CatalystImages/shop_bg-browse-panel.png]
[www.evoolution.ca/StyleSheets/ModuleStyleSheets.css]
[www.evoolution.ca/stylesheets/blueprint/src/grid.png]
[www.evoolution.ca/stylesheets/blueprint/screen.css]
[www.evoolution.ca/stylesheets/blueprint/print.css]
[www.evoolution.ca/CatalystScripts/Cache/lightbox20225d7c.js]
[www.evoolution.ca/stylesheets/evoolution.css]
[www.evoolution.ca/CatalystStyles/Box5d7c.css]
[www.evoolution.ca/ajaxpro/prototype-core.js]
[www.evoolution.ca/ajaxpro/CMS.CatalogueRetrieve,Catalyst.Web.CMS.js]
[www.evoolution.ca/oils_/eureka-lemon-olive-oil.html]
[www.evoolution.ca/images/oils/basil_olive_oil_sm.png]
[www.evoolution.ca/oils_/persian-lime-olive-oil.html]
[www.evoolution.ca/Images/oils/eureka_lemon_olive_oil_sm.png]
[www.evoolution.ca/oils_/blood-orange-olive-oil.html]
[www.evoolution.ca/Images/oils/persian_lime_olive_oil_sm.png]
[www.evoolution.ca/Images/oils/basil_olive_oil_sm-2.png]
[www.evoolution.ca/oils_/garlic-olive-oil.html]
[www.evoolution.ca/Images/oils/blood_orange_olive_oil_sm.png]
[www.evoolution.ca/oils_/herbs-de-provence-olive-oil.html]
[www.evoolution.ca/Images/oils/garlic_olive_oil_sm.png]
[www.evoolution.ca/oils_/tuscan-herb-olive-oil.html]
[www.evoolution.ca/Images/oils/herbs_de_provence_olive_oil_sm.png]
[www.evoolution.ca/oils_/wild-rosemary.html]
[www.evoolution.ca/oils_/wild-dill.html]
[www.evoolution.ca/images/image coming soon.jpg]
[www.evoolution.ca/oils_/butter-olive-oil.html]
[www.evoolution.ca/images/headers/new/oils_header_new.jpg]
[www.evoolution.ca/Images/oils/tuscan_herb_olive_oil_sm.png]
[www.evoolution.ca/oils_/wild-mushroom-sage-olive-oil.html]
[www.evoolution.ca/oils_/chipotle-olive-oil.html]
[www.evoolution.ca/Images/oils/butter_flavour_olive_oil_sm.png]
[www.evoolution.ca/oils_/baklouti-green-chili-oil.html]
[www.evoolution.ca/Images/oils/wild_mushroom_sage_olive_oil_sm.png]
[www.evoolution.ca/Images/oils/chipotle_olive_oil_sm.png]
[www.evoolution.ca/oils_/red-cayenne-chili.html]
[www.evoolution.ca/oils_/harrisa-olive-oil.html]
[www.evoolution.ca/images/oils/baklouti_green_chili_oil_sm.png]
[www.evoolution.ca/oils_/cilantro-roasted-red-onion-olive-oil.html]
[www.evoolution.ca/Images/oils/harrisa_olive_oil_sm.png]
[www.evoolution.ca/oils_/boort-estate-picual-olive-oil.html]
[www.evoolution.ca/oils_/coratina-olive-oil.html]
[www.evoolution.ca/images/oils/cayenne_chili_oil_sm.png]
[www.evoolution.ca/oils_/hojiblanca1.html]
[www.evoolution.ca/oils_/picual-4.html]
[www.evoolution.ca/Images/oils/cilantro_roasted_red_onion_olive_oil_sm.png]
[www.evoolution.ca/oils_/organic-arbosana-3.html]
[www.evoolution.ca/Images/oils/coratina_olive_oil_sm.png]
[www.evoolution.ca/oils_/frantoio-leccino.html]
[www.evoolution.ca/oils_/white-truffle-oil-60.html]
[www.evoolution.ca/images/oils/picual_olive_oil_sm.png]
[www.evoolution.ca/oils_/black-truffle-oil-60.html]
[www.evoolution.ca/images/oils/barnea_olive_oil_sm.png]
[www.evoolution.ca/oils_/toasted-japanese-sesame-oil.html]
[www.evoolution.ca/Images/oils/white_truffle_oil_sm.png]
[www.evoolution.ca/oils_/roasted-french-walnut-oil.html]
[www.evoolution.ca/Images/oils/black_truffle_oil_sm.png]
[www.evoolution.ca/Images/oils/dark_toasted_japanese_sesame_oil_sm.png]
[www.evoolution.ca/vinegars_/18-year-traditional-balsamic-vinegar.html]
[www.evoolution.ca/Images/oils/roasted_french_walnut_oil_sm.png]
[www.evoolution.ca/Images/vinegars/18_year_traditional_balsamic_vinegar_sm.png]
[www.evoolution.ca/vinegars_/red-apple-balsamic-vinegar.html]
[www.evoolution.ca/vinegars_/cinnamon-pear-balsamic-vinegar.html]
[www.evoolution.ca/blog images/tomato-grid.png]
[www.evoolution.ca/vinegars_/dark-chocolate-balsamic-vinegar.html]
[www.evoolution.ca/Images/vinegars/red_apple_balsamic_vinegar_sm.png]
[www.evoolution.ca/vinegars_/espresso-balsamic-vinegar.html]
[www.evoolution.ca/Images/vinegars/cinnamon_pear_balsamic_vinegar_sm.png]
[www.evoolution.ca/vinegars_/fig-balsamic-vinegar.html]
[www.evoolution.ca/Images/vinegars/dark_chocolate_balsamic_vinegar_sm.png]
[www.evoolution.ca/vinegars_/blackberry-ginger-balsamic-vinegar.html]
[www.evoolution.ca/Images/vinegars/fig_balsamic_vinegar_sm.png]
[www.evoolution.ca/Images/vinegars/espresso_balsamic_vinegar_sm.png]
[www.evoolution.ca/vinegars_/12-year--orgainc-balsamic-vinegar.html]
[www.evoolution.ca/vinegars_/pomegranate-balsamic-vinegar.html]
[www.evoolution.ca/Images/vinegars/blackberry_ginger_balsamic_vinegar_sm.png]
[www.evoolution.ca/vinegars_/raspberry-balsamic-vinegar.html]
[www.evoolution.ca/images/headers/new/vinegars_header_new.jpg]
[www.evoolution.ca/vinegars_/strawberry-balsamic-vinegar.html]
[www.evoolution.ca/Images/vinegars/12_year_organic_balsamic_vinegar_sm.png]
[www.evoolution.ca/vinegars_/tangerine-balsamic-vinegar.html]
[www.evoolution.ca/Images/vinegars/pomegranate_balsamic_vinegar_sm.png]
[www.evoolution.ca/vinegars_/wild-blueberry-balsamic-vinegar.html]
[www.evoolution.ca/Images/vinegars/raspberry_balsamic_vinegar_sm.png]
[www.evoolution.ca/vinegars_/vermont-maple-balsamic-vinegar.html]
[www.evoolution.ca/Images/vinegars/strawberry_balsamic_vinegar_sm.png]
[www.evoolution.ca/vinegars_/lavender-balsamic-vinegar.html]
[www.evoolution.ca/Images/vinegars/tangerine_balsamic_vinegar_sm.png]
[www.evoolution.ca/vinegars_/black-cherry.html]
[www.evoolution.ca/vinegars_/neapolitan-herb.html]
[www.evoolution.ca/vinegars_/cara-cara-orange-vanilla.html]
[www.evoolution.ca/Images/vinegars/wild_blueberry_balsamic_vinegar_sm.png]
[www.evoolution.ca/vinegars_/pomegranate-quince.html]
[www.evoolution.ca/Images/vinegars/vermont_maple_balsamic_vinegar_sm.png]
[www.evoolution.ca/vinegars_/coconut-balsamic-vinegar.html]
[www.evoolution.ca/images/vinegars/cara_cara_orange_vanilla_white_balsamic_vinegar_sm.png]
[www.evoolution.ca/images/vinegars/lavender_dark_balsamic_vinegar_sm.png]
[www.evoolution.ca/vinegars_/grapefruit.html]
[www.evoolution.ca/vinegars_/alfoos-mango-white-balsamic-vinegar.html]
[www.evoolution.ca/vinegars_/blenheim-apricot-white-balsamic-vinegar.html]
[www.evoolution.ca/images/vinegars/pomegranate_quince_white_balsamic_vinegar_sm.png]
[www.evoolution.ca/vinegars_/cranberry-pear-white-balsamic-vinegar.html]
[www.evoolution.ca/images/vinegars/coconut_white_balsamic_vinegar_sm.png]
[www.evoolution.ca/vinegars_/golden-pineapple-white-balsamic-vinegar.html]
[www.evoolution.ca/Images/vinegars/alfoos_mango_white_balsamic_vinegar_sm.png]
[www.evoolution.ca/Images/vinegars/blenheim_apricot_white_balsamic_vinegar_sm.png]
[www.evoolution.ca/vinegars_/honey-ginger-white-balsamic-vinegar.html]
[www.evoolution.ca/vinegars_/jalapeno-white-balsamic-vinegar-375.html]
[www.evoolution.ca/Images/vinegars/cranberry_pear_white_balsamic_vinegar_sm.png]
[www.evoolution.ca/vinegars_/ripe-peach-white-balsamic-vinegar.html]
[www.evoolution.ca/Images/vinegars/golden_pineapple_white_balsamic_vinegar_sm.png]
[www.evoolution.ca/vinegars_/sicilian-lemon-white-balsamic-vinegar.html]
[www.evoolution.ca/Images/vinegars/jalapeno_white_balsamic_vinegar_sm.png]
[www.evoolution.ca/vinegars_/thai-lemongrass-mint-white-balsamic-vinegar.html]
[www.evoolution.ca/Images/vinegars/honey_ginger_white_balsamic_vinegar_sm.png]
[www.evoolution.ca/vinegars_/oregano-white-balsamic-vinegar.html]
[www.evoolution.ca/Images/vinegars/sicilian_lemon_white_balsamic_vinegar_sm.png]
[www.evoolution.ca/Images/vinegars/ripe_peach_white_balsamic_vinegar_sm.png]
[www.evoolution.ca/vinegars_/25-year-sherry-reserva-vinegar.html]
[www.evoolution.ca/vinegars_/champagne-vinegar.html]
[www.evoolution.ca/Images/vinegars/thai_lemongrass_mint_white_balsamic_vinegar_sm.png]
[www.evoolution.ca/vinegars_/serrano-honey-vinegar.html]
[www.evoolution.ca/Images/vinegars/oregano_white_balsamic_vinegar_sm.png]
[www.evoolution.ca/Images/vinegars/champagne_vinegar_sm.png]
[www.evoolution.ca/Images/vinegars/25_year_sherry_reserva_vinegar_sm.png]
[www.evoolution.ca/salts_/applewood-smoked-sea-salt.html]
[www.evoolution.ca/salts_/bacon-sea-salt.html]
[www.evoolution.ca/Images/vinegars/serrano_honey_vinegar_sm.png]
[www.evoolution.ca/salts_/black-truffle-sea-salt.html]
[www.evoolution.ca/Images/salts/bacon_sea_salt_sm.png]
[www.evoolution.ca/salts_/italian-aromatic-sea-salt.html]
[www.evoolution.ca/Images/salts/applewood_smoked_sea_salt_sm.png]
[www.evoolution.ca/salts_/lemon-twist-sea-salt.html]
[www.evoolution.ca/Images/salts/black_truffle_sea_salt_sm.png]
[www.evoolution.ca/salts_/lime-fresco-sea-salt.html]
[www.evoolution.ca/Images/salts/lemon_twist_sea_salt_sm.png]
[www.evoolution.ca/salts_/spanish-rosemary-sea-salt.html]
[www.evoolution.ca/Images/salts/italian_aromatic_sea_salt_sm.png]
[www.evoolution.ca/salts_/vintage-merlot-sea-salt.html]
[www.evoolution.ca/Images/salts/lime_fresco_sea_salt_sm.png]
[www.evoolution.ca/salts_/himalayan-pink-salt.html]
[www.evoolution.ca/Images/salts/spanish_rosemary_sea_salt_sm.png]
[www.evoolution.ca/salts_/fleur-de-sel.html]
[www.evoolution.ca/Images/salts/vintage_merlot_sea_salt_sm.png]
[www.evoolution.ca/Images/salts/himalayan_pink_salt_sm.png]
[www.evoolution.ca/salts_/alaea-hawaiian-sea-salt.html]
[www.evoolution.ca/salts_/hiwa-kai-black-hawaiian-sea-salt.html]
[www.evoolution.ca/salts_/velvet-de-guerande-salt.html]
[www.evoolution.ca/Images/salts/fleur_de_sel_sm.png]
[www.evoolution.ca/Images/salts/velvet_de_guerande_salt_sm.png]
[www.evoolution.ca/Images/salts/hiwa_kai_black_hawaiian_sea_salt_sm.png]
[www.evoolution.ca/gift_sets_/two-bottle-customer-cedar-gift-box.html]
[www.evoolution.ca/gift_sets_/three-bottle-custom-cedar-gift-box.html]
[www.evoolution.ca/images/headers/new/salts_header_new.jpg]
[www.evoolution.ca/gift_sets_/four-bottle-custom-cedar-gift-box.html]
[www.evoolution.ca/Images/gift_sets/evoolution_three_bottle_cedar_gift_box_sm.png]
[www.evoolution.ca/Images/gift_sets/evoolution_two_bottle_cedar_gift_box_sm.png]
[www.evoolution.ca/gift_sets_/pasta-lovers-six-pack-sampler-set.html]
[www.evoolution.ca/gift_sets_/marvelous-marinades-six-pack-sampler-set.html]
[www.evoolution.ca/Images/gift_sets/evoolution_four_bottle_cedar_gift_box_sm.png]
[www.evoolution.ca/images/New Pick6/Pasta_Sm.jpg]
[www.evoolution.ca/gift_sets_/bread-dipper-six-pack-sampler-set.html]
[www.evoolution.ca/gift_sets_/salad-lovers-six-pack-sampler-set.html]
[www.evoolution.ca/images/New Pick6/Marinades_Sm.jpg]
[www.evoolution.ca/gift_sets_/sweet-n-spicy-six-pack-sampler-set.html]
[www.evoolution.ca/images/New Pick6/Bread_Sm.jpg]
[www.evoolution.ca/images/New Pick6/Salad_Sm.jpg]
[www.evoolution.ca/gift_sets_/popcorn-lovers-six-pack-sampler-set.html]
[www.evoolution.ca/gift_sets_/favourite-pairings-1-six-pack-sampler-set.html]
[www.evoolution.ca/images/New Pick6/Spicy_Sm.jpg]
[www.evoolution.ca/gift_sets_/favourite-pairings-2-six-pack-sampler-set.html]
[www.evoolution.ca/images/New Pick6/Popcorn_Sm.jpg]
[www.evoolution.ca/images/New Pick6/Fav1_Sm.jpg]
[www.evoolution.ca/gift_sets_/fused-sea-salts-seven-pack-sampler-set.html]
[www.evoolution.ca/gift_sets_/gourmet-salts-seven-pack-sampler-set.html]
[www.evoolution.ca/images/New Pick6/Fav2_Sm.jpg]
[www.evoolution.ca/gift_sets_/fused-sea-salts-three-pack-sampler-set.html]
[www.evoolution.ca/Images/gift_sets/evoolution_gourmet_salts_seven_pack_sampler_set_sm.png]
[www.evoolution.ca/gift_sets_/gourmet-salts-three-pack-sampler-set.html]
[www.evoolution.ca/Images/gift_sets/evoolution_fused_sea_salts_seven_pack_sampler_set_sm.png]
[www.evoolution.ca/Images/gift_sets/evoolution_fused_sea_salts_three_pack_sampler_set_sm.png]
[njcdn.worldsecuresystems.com/CatalystStyles/Boxb0cc.css]
[www.evoolution.ca/CatalystScripts/ValidationFunctionsaa9c.js]
[www.evoolution.ca/pantry.html]
[www.evoolution.ca/accessories.html]
[www.evoolution.ca/olivella.html]
[www.evoolution.ca/recipes/garlic-cheese-dip.html]
[www.evoolution.ca/Images/gift_sets/evoolution_gourmet_salts_three_pack_sampler_set_sm.png]
[www.evoolution.ca/recipes/chipotle-hummus.html]
[www.evoolution.ca/images/Recipes/garlic-cheese-dip-sm.png]
[www.evoolution.ca/recipes/applewood-smoked-rub.html]
[www.evoolution.ca/images/Recipes/chipotle-hummus-sm.png]
[www.evoolution.ca/recipes/chipotle-sour-cream.html]
[www.evoolution.ca/images/Recipes/applewood-smoked-rub-sm1.png]
[www.evoolution.ca/images/Recipes/chipotle-cream.png]
[www.evoolution.ca/recipes/orange-vinaigrette.html]
[www.evoolution.ca/recipes/raw-peach-and-tomato-salsa.html]
[www.evoolution.ca/images/headers/new/gifts_header_new.jpg]
[www.evoolution.ca/recipes/truffled-cream-cheese-dip.html]
[www.evoolution.ca/images/Recipes/orange-vinaigrette.png]
[www.evoolution.ca/images/Recipes/rawpeach-tomatosalsa.png]
[www.evoolution.ca/recipes/caprese-bruschetta.html]
[www.evoolution.ca/recipes/balsamic-caramelized-onion-tart.html]
[www.evoolution.ca/images/Recipes/trufflecreamcheese.png]
[www.evoolution.ca/recipes/pan-seared-scallops-with-warm-tomato-salsa.html]
[www.evoolution.ca/images/Recipes/caprese-bruschetta.png]
[www.evoolution.ca/recipes/seared-tuna-with-pomegranate-soy-reduction.html]
[www.evoolution.ca/images/Recipes/pan-seared-scallops.png]
[www.evoolution.ca/images/Recipes/balsamic-caramelized-onion-tart.png]
[www.evoolution.ca/recipes/truffle-popcorn.html]
[www.evoolution.ca/recipes/fennel-endive-and-radicchio-salad.html]
[www.evoolution.ca/images/headers/new/recipes_header_new.jpg]
[www.evoolution.ca/recipes/grainy-picnic-salad.html]
[www.evoolution.ca/images/Recipes/pomegranate-tuna.png]
[www.evoolution.ca/recipes/roasted-red-pepper-salad.html]
[www.evoolution.ca/recipes/potato-salad-with-lemongrass-mint-and-porcini-mayonnaise.html]
[www.evoolution.ca/images/Recipes/popcorn.png]
[www.evoolution.ca/images/Recipes/fennel-radicchio-endive.png]
[www.evoolution.ca/recipes/sweet-and-spicy-coleslaw.html]
[www.evoolution.ca/recipes/watermelon-and-mozzarella-salad.html]
[www.evoolution.ca/images/Recipes/grainysalad.png]
[www.evoolution.ca/recipes/butternut-squash-with-serrano-honey-glaze.html]
[www.evoolution.ca/images/Recipes/potato-salad.png]
[www.evoolution.ca/recipes/roasted-asparagus-with-almond-honey-ginger-vinaigrette.html]
[www.evoolution.ca/images/Recipes/watermelon-mozza-salad.png]
[www.evoolution.ca/images/Recipes/slaw.png]
[www.evoolution.ca/recipes/baked-eggs-with-balsamic-braised-leeks.html]
[www.evoolution.ca/recipes/chipotle-lime-shrimp-fajitas.html]
[www.evoolution.ca/images/Recipes/squash.png]
[www.evoolution.ca/recipes/juniper-berry-rack-of-lamb.html]
[www.evoolution.ca/images/Recipes/asparagus.png]
[www.evoolution.ca/recipes/mediterranean-capellini.html]
[www.evoolution.ca/images/Recipes/baked-eggs.png]
[www.evoolution.ca/recipes/pulled-pork-chili.html]
[www.evoolution.ca/images/Recipes/fajitas2.png]
[www.evoolution.ca/recipes/tangerine-balsamic-chicken.html]
[www.evoolution.ca/images/Recipes/juniperlamb.png]
[www.evoolution.ca/recipes/vietnamese-pork-meatball-sandwiches.html]
[www.evoolution.ca/images/Recipes/mediterranean-capellini.png]
[www.evoolution.ca/recipes/blood-orange-chocolate-mousse.html]
[www.evoolution.ca/recipes/chipotle-brownies-with-dark-chocolate-caramel-sauce.html]
[www.evoolution.ca/images/Recipes/pulled-pork-chili.png]
[www.evoolution.ca/recipes/milk-chocolate-cinnamon-pear-truffles.html]
[www.evoolution.ca/images/Recipes/tangerinechicken.png]
[www.evoolution.ca/recipes/double-chocolate-olive-oil-cookies.html]
[www.evoolution.ca/images/Recipes/vietnameseporkmeatball.png]
[www.evoolution.ca/recipes/sticky-date-pudding-with-balsamic-toffee-sauce.html]
[www.evoolution.ca/images/Recipes/milk_chocolate_cinnamon_pear_truffles_sm.jpg]
[www.evoolution.ca/recipes/walnut-cinnamon-buns-with-lavender-frosting.html]
[www.evoolution.ca/images/Recipes/Chipotle-Brownies-Dark-Chocolate-Caramel.png]
[www.evoolution.ca/recipes/white-balsamic-italian-soda.html]
[www.evoolution.ca/images/Recipes/Double-Chocolate-Olive-Oil-Cookies3.png]
[www.evoolution.ca/recipes/balsamic-candied-nuts.html]
[www.evoolution.ca/images/Recipes/sticky-date-pudding.png]
[www.evoolution.ca/recipes/balsamic-roasted-rhubarb.html]
[www.evoolution.ca/images/Recipes/cinnamon-buns.png]
[www.evoolution.ca/recipes/blueberry-balsamic-jam-with-rosemary.html]
[www.evoolution.ca/images/Recipes/italian-soda.png]
[www.evoolution.ca/recipes/caramelized-pear-sauce.html]
[www.evoolution.ca/images/Recipes/candied-nuts.png]
[www.evoolution.ca/recipes/cranberry-coconut-granola.html]
[www.evoolution.ca/images/Recipes/rhubarb.png]
[www.evoolution.ca/recipes/savoury-olive-oil-tart-crust.html]
[www.evoolution.ca/images/Recipes/blueberrybalsamicjam.png]
[www.evoolution.ca/recipes/sweet-olive-oil-tart-crust-1.html]
[www.evoolution.ca/images/Recipes/pear-sauce.png]
[www.evoolution.ca/images/Recipes/granola.png]
[www.evoolution.ca/images/Recipes/olive-oil-crust.png]
[www.evoolution.ca/images/Recipes/apricottart.png]
[www.evoolution.ca/_blog/Evoolution/post/tomatoes/index.html]
[www.evoolution.ca/_blog/Evoolution/post/getting-our-fill/index.html]
[www.evoolution.ca/images/vinegars/dark_chocolate_balsamic_vinegar_sm-2.png]
[www.evoolution.ca/_blog/Evoolution/post/iron-chef-evoolution-edition-round-six/index.html]
[www.evoolution.ca/_blog/Evoolution/post/Iron_Chef/index.html]
[www.evoolution.ca/_blog/Evoolution/post/iron-chef-evoolution-edition---round-two/index.html]
[www.evoolution.ca/_blog/Evoolution/post/iron-chef-evoolution-edition---round-three/index.html]
[www.evoolution.ca/_blog/Evoolution/post/iron-chef-evoolution-edition---round-four/index.html]
[www.evoolution.ca/_blog/Evoolution/post/iron-chef-evoolution-edition---round-five/index.html]
[www.evoolution.ca/images/oils/blood_orange_olive_oil_sm-2.png]
[www.evoolution.ca/blog images/pork-fajita.jpg]
[www.evoolution.ca/oils_/ruby-red-grapefruit.html]
[www.evoolution.ca/blog images/group-shot-30-minute.jpg]
[www.evoolution.ca/blog images/baklouti-chicken.jpg]
[www.evoolution.ca/blog images/greek-pasta-salad.jpg]
[www.evoolution.ca/images/headers/blog/blog_header4.jpg]
[www.evoolution.ca/blog images/chipotle-cheese-dip.jpg]
[www.evoolution.ca/blog images/pork-and-cabbage.jpg]
[www.evoolution.ca/blog images/curry-risotto.jpg]
[www.evoolution.ca/blog images/seafood-curry.jpg]
[www.evoolution.ca/blog images/watermelon-feta-salad.jpg]
[www.evoolution.ca/blog images/Walnut-espresso-brownie.jpg]
[www.evoolution.ca/blog images/gluten-free-desserts.jpg]
[www.evoolution.ca/blog images/blackberry-ginger-scone.jpg]
[www.evoolution.ca/blog images/cinnamon-bun-gf.jpg]
[www.evoolution.ca/blog images/coconut-cassava-cake.jpg]
[www.evoolution.ca/_blog/Evoolution/post/for-your-valentine/index.html]
[www.evoolution.ca/blog images/lemon-almond-muffin.jpg]
[www.evoolution.ca/blog images/blood-orange-truffle.jpg]
[www.evoolution.ca/images/Recipes/caprese-bruschetta.jpg]
[www.evoolution.ca/images/Recipes/fennel-radicchio-endive.jpg]
[www.evoolution.ca/recipes/filet-of-sole-with-tomatoes-and-olives.html]
[www.evoolution.ca/images/Recipes/filetofsole.jpg]
[www.evoolution.ca/blog images/violet-choc.jpg]
[www.evoolution.ca/_blog/Evoolution/post/oil-in-the-ancient-world-ancient-egypt/index.html]
[www.evoolution.ca/blog images/Egypt-_Egypt-landscape_6722.jpg]
[www.evoolution.ca/images/Recipes/juniperlamb.jpg]
[www.evoolution.ca/_blog/Evoolution/post/oil-in-the-ancient-world-ancient-rome/index.html]
[www.evoolution.ca/blog images/olivepress.jpg]
[www.evoolution.ca/blog images/RomanBathhouse2.jpg]
[www.evoolution.ca/_blog/Evoolution/post/oil-in-the-ancient-world-greece/index.html]
[www.evoolution.ca/blog images/erechtheion_athens_greece.jpg]
[www.evoolution.ca/blog images/Olive_trees_on_Thassos.jpg]
[en.wikipedia.org/wiki/File_Olive_trees_on_Thassos.html]
[www.evoolution.ca/_blog/Evoolution/post/handled-with-care/index.html]
[www.evoolution.ca/blog images/winter-salad.jpg]
[www.evoolution.ca/_blog/Evoolution/post/oil-and-vinegar---emulsified/index.html]
[www.evoolution.ca/_blog/Evoolution/post/a-good-party/index.html]
[www.evoolution.ca/_blog/Evoolution/post/clear-your-plans/index.html]
[www.evoolution.ca/blog images/tomato-grid2.png]
[www.evoolution.ca/images/Recipes/candied-nuts1.jpg]
[www.evoolution.ca/images/Recipes/popcorn.jpg]
[www.evoolution.ca/blog images/ancient-egypt-papyrus.jpg]
[www.evoolution.ca/blog images/sticky-toffee-pudding.jpg]
[www.evoolution.ca/blog images/balsamic-caramelized-onion-tart.jpg]
[www.evoolution.ca/recipes/pumpkin-bran-muffins.html]
[www.evoolution.ca/images/Recipes/Chipotle-Brownies-Dark-Chocolate-Caramel-lg.png]
[www.evoolution.ca/blog images/roseberry.jpg]
[www.evoolution.ca/images/Recipes/bran-muffins.jpg]
[www.evoolution.ca/_blog/Evoolution/page/2/index.html]
[www.evoolution.ca/_blog/Evoolution/page/3/index.html]
[www.evoolution.ca/_blog/Evoolution/page/4/index.html]
[www.evoolution.ca/_blog/Evoolution/tag/oils-fused-infused-olive-oil/index.html]
[www.evoolution.ca/_blog/Evoolution/tag/salts-gourmet-salt/index.html]
[www.evoolution.ca/_blog/Evoolution/tag/berard_olive_wood/index.html]
[www.evoolution.ca/_blog/Evoolution/tag/darkbalsamic/index.html]
[www.evoolution.ca/_blog/Evoolution/tag/vinegars-dark-balsamic-vinegar/index.html]
[www.evoolution.ca/_blog/Evoolution/tag/asparagus/index.html]
[www.evoolution.ca/_blog/Evoolution/tag/lightbalsamic/index.html]
[www.evoolution.ca/_blog/Evoolution/tag/recipes/index.html]
[www.evoolution.ca/_blog/Evoolution/tag/cheese/index.html]
[www.evoolution.ca/_blog/Evoolution/tag/lavender/index.html]
[www.evoolution.ca/_blog/Evoolution/tag/gifts/index.html]
[www.evoolution.ca/_blog/Evoolution/tag/vinegars-white-balsamic-vinegar/index.html]
[www.evoolution.ca/_blog/Evoolution/tag/iron_chef/index.html]
[www.evoolution.ca/_blog/Evoolution/tag/tomatoes/index.html]
[www.evoolution.ca/_blog/Evoolution/tag/coconut/index.html]
[www.evoolution.ca/_blog/Evoolution/tag/oils-pure-extra-virgin-olive-oil/index.html]
[www.evoolution.ca/_blog/Evoolution/tag/oils-gourmet-specialty-oil/index.html]
[www.evoolution.ca/ajaxpro/CMS.OrderRetrievev2,Catalyst.Web.CMS.js]
[www.evoolution.ca/CatalystStyles/lightbox5d7c.css]
[www.evoolution.ca/images/Recipes/baked-eggs.jpg]
[www.evoolution.ca/images/site/category_divider.png]
[www.evoolution.ca/images/site/out_of_stock.jpg]
[www.evoolution.ca/images/Recipes/granola.jpg]
[www.evoolution.ca/images/Recipes/cinnamonbuns2-lg.jpg]
[www.evoolution.ca/Images/oils/basil_olive_oil_pu.png]
